// Jest Snapshot v1, https://goo.gl/fbAQLP

exports[`Header page matches the snapshot 1`] = `
<header
  className="Header"
>
  <FaBars
    className="header-icon-left"
    onClick={[Function]}
  />
  <h1>
    Comment Generator
  </h1>
  <FaBell
    className="header-icon-right"
  />
</header>
`;
